[warning] Client/Server api version mismatch, client api version : 1.61.1, server api version : 1.62.0
[Warning]: Dependency sources are no longer verified automatically during publication and upgrade, so the `--skip-dependency-verification` flag is no longer necessary.
[note] Dependencies on Bridge, MoveStdlib, Sui, and SuiSystem are automatically added, but this feature is disabled for your package because you have explicitly included dependencies on Sui. Consider removing these dependencies from Move.toml.
UPDATING GIT DEPENDENCY https://github.com/MystenLabs/sui.git
INCLUDING DEPENDENCY Sui
INCLUDING DEPENDENCY MoveStdlib
BUILDING my_first_package
[0m[1m[38;5;11mwarning[W02021][0m[1m: duplicate alias[0m
  [0m[34m┌─[0m /Users/juanjue/Documents/Side Projects/my_first_dapp/sources/usdt.move:3:14
  [0m[34m│[0m
[0m[34m3[0m [0m[34m│[0m     use std::[0m[33moption[0m;
  [0m[34m│[0m              [0m[33m^^^^^^[0m [0m[33mUnnecessary alias 'option' for module 'std::option'. This alias is provided by default[0m
  [0m[34m│[0m
  [0m[34m=[0m This warning can be suppressed with '#[allow(duplicate_alias)]' applied to the 'module' or module member ('const', 'fun', or 'struct')

[0m[1m[38;5;11mwarning[W02021][0m[1m: duplicate alias[0m
  [0m[34m┌─[0m /Users/juanjue/Documents/Side Projects/my_first_dapp/sources/usdt.move:4:14
  [0m[34m│[0m
[0m[34m4[0m [0m[34m│[0m     use sui::[0m[33mtransfer[0m;
  [0m[34m│[0m              [0m[33m^^^^^^^^[0m [0m[33mUnnecessary alias 'transfer' for module 'sui::transfer'. This alias is provided by default[0m
  [0m[34m│[0m
  [0m[34m=[0m This warning can be suppressed with '#[allow(duplicate_alias)]' applied to the 'module' or module member ('const', 'fun', or 'struct')

[0m[1m[38;5;11mwarning[W02021][0m[1m: duplicate alias[0m
  [0m[34m┌─[0m /Users/juanjue/Documents/Side Projects/my_first_dapp/sources/usdt.move:5:27
  [0m[34m│[0m
[0m[34m5[0m [0m[34m│[0m     use sui::tx_context::{[0m[33mSelf[0m, TxContext};
  [0m[34m│[0m                           [0m[33m^^^^[0m [0m[33mUnnecessary alias 'tx_context' for module 'sui::tx_context'. This alias is provided by default[0m
  [0m[34m│[0m
  [0m[34m=[0m This warning can be suppressed with '#[allow(duplicate_alias)]' applied to the 'module' or module member ('const', 'fun', or 'struct')

[0m[1m[38;5;11mwarning[W09001][0m[1m: unused alias[0m
  [0m[34m┌─[0m /Users/juanjue/Documents/Side Projects/my_first_dapp/sources/usdt.move:5:27
  [0m[34m│[0m
[0m[34m5[0m [0m[34m│[0m     use sui::tx_context::{[0m[33mSelf[0m, TxContext};
  [0m[34m│[0m                           [0m[33m^^^^[0m [0m[33mUnused 'use' of alias 'tx_context'. Consider removing it[0m
  [0m[34m│[0m
  [0m[34m=[0m This warning can be suppressed with '#[allow(unused_use)]' applied to the 'module' or module member ('const', 'fun', or 'struct')

[0m[1m[38;5;11mwarning[W02021][0m[1m: duplicate alias[0m
  [0m[34m┌─[0m /Users/juanjue/Documents/Side Projects/my_first_dapp/sources/usdt.move:5:33
  [0m[34m│[0m
[0m[34m5[0m [0m[34m│[0m     use sui::tx_context::{Self, [0m[33mTxContext[0m};
  [0m[34m│[0m                                 [0m[33m^^^^^^^^^[0m [0m[33mUnnecessary alias 'TxContext' for module member 'sui::tx_context::TxContext'. This alias is provided by default[0m
  [0m[34m│[0m
  [0m[34m=[0m This warning can be suppressed with '#[allow(duplicate_alias)]' applied to the 'module' or module member ('const', 'fun', or 'struct')

[0m[1m[38;5;11mwarning[W04037][0m[1m: deprecated usage[0m
   [0m[34m┌─[0m /Users/juanjue/Documents/Side Projects/my_first_dapp/sources/usdt.move:10:42
   [0m[34m│[0m
[0m[34m10[0m [0m[34m│[0m         let (treasury, metadata) = coin::[0m[33mcreate_currency[0m(
   [0m[34m│[0m                                          [0m[33m^^^^^^^^^^^^^^^[0m [0m[33mThe function 'sui::coin::create_currency' is deprecated: Use `coin_registry::new_currency_with_otw` instead[0m
   [0m[34m│[0m
   [0m[34m=[0m This warning can be suppressed with '#[allow(deprecated_usage)]' applied to the 'module' or module member ('const', 'fun', or 'struct')

[0m[1m[38;5;11mwarning[Lint W99010][0m[1m: unnecessary `entry` on a `public` function[0m
   [0m[34m┌─[0m /Users/juanjue/Documents/Side Projects/my_first_dapp/sources/usdt.move:23:12
   [0m[34m│[0m
[0m[34m23[0m [0m[34m│[0m     public [0m[33mentry[0m fun mint(
   [0m[34m│[0m            [0m[33m^^^^^[0m [0m[33m`entry` on `public` functions limits composability as it adds restrictions, e.g. the type of each return value must have `drop`. `entry` on `public` is only meaningful in niche scenarios.[0m
   [0m[34m│[0m
   [0m[34m=[0m `public` functions can be called from PTBs. `entry` can be used to allow non-`public` functions to be called from PTBs, but it adds restrictions on the usage of input arguments and on the type of return values. Unless this `public` function interacts with an intricate set of other `entry` functions, the `entry` modifier should be removed.
   [0m[34m=[0m This warning can be suppressed with '#[allow(lint(public_entry))]' applied to the 'module' or module member ('const', 'fun', or 'struct')

[0m[1m[38;5;11mwarning[W02021][0m[1m: duplicate alias[0m
  [0m[34m┌─[0m /Users/juanjue/Documents/Side Projects/my_first_dapp/sources/my_first_dapp.move:3:19
  [0m[34m│[0m
[0m[34m3[0m [0m[34m│[0m use sui::object::{[0m[33mSelf[0m, UID};
  [0m[34m│[0m                   [0m[33m^^^^[0m [0m[33mUnnecessary alias 'object' for module 'sui::object'. This alias is provided by default[0m
  [0m[34m│[0m
  [0m[34m=[0m This warning can be suppressed with '#[allow(duplicate_alias)]' applied to the 'module' or module member ('const', 'fun', or 'struct')

[0m[1m[38;5;11mwarning[W02021][0m[1m: duplicate alias[0m
  [0m[34m┌─[0m /Users/juanjue/Documents/Side Projects/my_first_dapp/sources/my_first_dapp.move:3:25
  [0m[34m│[0m
[0m[34m3[0m [0m[34m│[0m use sui::object::{Self, [0m[33mUID[0m};
  [0m[34m│[0m                         [0m[33m^^^[0m [0m[33mUnnecessary alias 'UID' for module member 'sui::object::UID'. This alias is provided by default[0m
  [0m[34m│[0m
  [0m[34m=[0m This warning can be suppressed with '#[allow(duplicate_alias)]' applied to the 'module' or module member ('const', 'fun', or 'struct')

[0m[1m[38;5;11mwarning[W02021][0m[1m: duplicate alias[0m
  [0m[34m┌─[0m /Users/juanjue/Documents/Side Projects/my_first_dapp/sources/my_first_dapp.move:4:10
  [0m[34m│[0m
[0m[34m4[0m [0m[34m│[0m use sui::[0m[33mtransfer[0m;
  [0m[34m│[0m          [0m[33m^^^^^^^^[0m [0m[33mUnnecessary alias 'transfer' for module 'sui::transfer'. This alias is provided by default[0m
  [0m[34m│[0m
  [0m[34m=[0m This warning can be suppressed with '#[allow(duplicate_alias)]' applied to the 'module' or module member ('const', 'fun', or 'struct')

[0m[1m[38;5;11mwarning[W02021][0m[1m: duplicate alias[0m
  [0m[34m┌─[0m /Users/juanjue/Documents/Side Projects/my_first_dapp/sources/my_first_dapp.move:5:23
  [0m[34m│[0m
[0m[34m5[0m [0m[34m│[0m use sui::tx_context::{[0m[33mSelf[0m, TxContext};
  [0m[34m│[0m                       [0m[33m^^^^[0m [0m[33mUnnecessary alias 'tx_context' for module 'sui::tx_context'. This alias is provided by default[0m
  [0m[34m│[0m
  [0m[34m=[0m This warning can be suppressed with '#[allow(duplicate_alias)]' applied to the 'module' or module member ('const', 'fun', or 'struct')

[0m[1m[38;5;11mwarning[W09001][0m[1m: unused alias[0m
  [0m[34m┌─[0m /Users/juanjue/Documents/Side Projects/my_first_dapp/sources/my_first_dapp.move:5:23
  [0m[34m│[0m
[0m[34m5[0m [0m[34m│[0m use sui::tx_context::{[0m[33mSelf[0m, TxContext};
  [0m[34m│[0m                       [0m[33m^^^^[0m [0m[33mUnused 'use' of alias 'tx_context'. Consider removing it[0m
  [0m[34m│[0m
  [0m[34m=[0m This warning can be suppressed with '#[allow(unused_use)]' applied to the 'module' or module member ('const', 'fun', or 'struct')

[0m[1m[38;5;11mwarning[W02021][0m[1m: duplicate alias[0m
  [0m[34m┌─[0m /Users/juanjue/Documents/Side Projects/my_first_dapp/sources/my_first_dapp.move:5:29
  [0m[34m│[0m
[0m[34m5[0m [0m[34m│[0m use sui::tx_context::{Self, [0m[33mTxContext[0m};
  [0m[34m│[0m                             [0m[33m^^^^^^^^^[0m [0m[33mUnnecessary alias 'TxContext' for module member 'sui::tx_context::TxContext'. This alias is provided by default[0m
  [0m[34m│[0m
  [0m[34m=[0m This warning can be suppressed with '#[allow(duplicate_alias)]' applied to the 'module' or module member ('const', 'fun', or 'struct')

[0m[1m[38;5;11mwarning[W02021][0m[1m: duplicate alias[0m
  [0m[34m┌─[0m /Users/juanjue/Documents/Side Projects/my_first_dapp/sources/game_core.move:2:23
  [0m[34m│[0m
[0m[34m2[0m [0m[34m│[0m     use sui::object::{[0m[33mSelf[0m, UID};
  [0m[34m│[0m                       [0m[33m^^^^[0m [0m[33mUnnecessary alias 'object' for module 'sui::object'. This alias is provided by default[0m
  [0m[34m│[0m
  [0m[34m=[0m This warning can be suppressed with '#[allow(duplicate_alias)]' applied to the 'module' or module member ('const', 'fun', or 'struct')

[0m[1m[38;5;11mwarning[W02021][0m[1m: duplicate alias[0m
  [0m[34m┌─[0m /Users/juanjue/Documents/Side Projects/my_first_dapp/sources/game_core.move:2:29
  [0m[34m│[0m
[0m[34m2[0m [0m[34m│[0m     use sui::object::{Self, [0m[33mUID[0m};
  [0m[34m│[0m                             [0m[33m^^^[0m [0m[33mUnnecessary alias 'UID' for module member 'sui::object::UID'. This alias is provided by default[0m
  [0m[34m│[0m
  [0m[34m=[0m This warning can be suppressed with '#[allow(duplicate_alias)]' applied to the 'module' or module member ('const', 'fun', or 'struct')

[0m[1m[38;5;11mwarning[W02021][0m[1m: duplicate alias[0m
  [0m[34m┌─[0m /Users/juanjue/Documents/Side Projects/my_first_dapp/sources/game_core.move:3:14
  [0m[34m│[0m
[0m[34m3[0m [0m[34m│[0m     use sui::[0m[33mtransfer[0m;
  [0m[34m│[0m              [0m[33m^^^^^^^^[0m [0m[33mUnnecessary alias 'transfer' for module 'sui::transfer'. This alias is provided by default[0m
  [0m[34m│[0m
  [0m[34m=[0m This warning can be suppressed with '#[allow(duplicate_alias)]' applied to the 'module' or module member ('const', 'fun', or 'struct')

[0m[1m[38;5;11mwarning[W02021][0m[1m: duplicate alias[0m
  [0m[34m┌─[0m /Users/juanjue/Documents/Side Projects/my_first_dapp/sources/game_core.move:4:27
  [0m[34m│[0m
[0m[34m4[0m [0m[34m│[0m     use sui::tx_context::{[0m[33mSelf[0m, TxContext};
  [0m[34m│[0m                           [0m[33m^^^^[0m [0m[33mUnnecessary alias 'tx_context' for module 'sui::tx_context'. This alias is provided by default[0m
  [0m[34m│[0m
  [0m[34m=[0m This warning can be suppressed with '#[allow(duplicate_alias)]' applied to the 'module' or module member ('const', 'fun', or 'struct')

[0m[1m[38;5;11mwarning[W02021][0m[1m: duplicate alias[0m
  [0m[34m┌─[0m /Users/juanjue/Documents/Side Projects/my_first_dapp/sources/game_core.move:4:33
  [0m[34m│[0m
[0m[34m4[0m [0m[34m│[0m     use sui::tx_context::{Self, [0m[33mTxContext[0m};
  [0m[34m│[0m                                 [0m[33m^^^^^^^^^[0m [0m[33mUnnecessary alias 'TxContext' for module member 'sui::tx_context::TxContext'. This alias is provided by default[0m
  [0m[34m│[0m
  [0m[34m=[0m This warning can be suppressed with '#[allow(duplicate_alias)]' applied to the 'module' or module member ('const', 'fun', or 'struct')

[0m[1m[38;5;11mwarning[W02021][0m[1m: duplicate alias[0m
  [0m[34m┌─[0m /Users/juanjue/Documents/Side Projects/my_first_dapp/sources/game_core.move:8:14
  [0m[34m│[0m
[0m[34m8[0m [0m[34m│[0m     use std::[0m[33moption[0m;
  [0m[34m│[0m              [0m[33m^^^^^^[0m [0m[33mUnnecessary alias 'option' for module 'std::option'. This alias is provided by default[0m
  [0m[34m│[0m
  [0m[34m=[0m This warning can be suppressed with '#[allow(duplicate_alias)]' applied to the 'module' or module member ('const', 'fun', or 'struct')

[0m[1m[38;5;11mwarning[W09001][0m[1m: unused alias[0m
  [0m[34m┌─[0m /Users/juanjue/Documents/Side Projects/my_first_dapp/sources/game_core.move:8:14
  [0m[34m│[0m
[0m[34m8[0m [0m[34m│[0m     use std::[0m[33moption[0m;
  [0m[34m│[0m              [0m[33m^^^^^^[0m [0m[33mUnused 'use' of alias 'option'. Consider removing it[0m
  [0m[34m│[0m
  [0m[34m=[0m This warning can be suppressed with '#[allow(unused_use)]' applied to the 'module' or module member ('const', 'fun', or 'struct')

[0m[1m[38;5;11mwarning[W09001][0m[1m: unused alias[0m
   [0m[34m┌─[0m /Users/juanjue/Documents/Side Projects/my_first_dapp/sources/game_core.move:10:33
   [0m[34m│[0m
[0m[34m10[0m [0m[34m│[0m     use my_first_package::usdt::[0m[33mUSDT[0m;
   [0m[34m│[0m                                 [0m[33m^^^^[0m [0m[33mUnused 'use' of alias 'USDT'. Consider removing it[0m
   [0m[34m│[0m
   [0m[34m=[0m This warning can be suppressed with '#[allow(unused_use)]' applied to the 'module' or module member ('const', 'fun', or 'struct')

[0m[1m[38;5;11mwarning[W09011][0m[1m: unused constant[0m
   [0m[34m┌─[0m /Users/juanjue/Documents/Side Projects/my_first_dapp/sources/game_core.move:29:11
   [0m[34m│[0m
[0m[34m29[0m [0m[34m│[0m     const [0m[33mEALREADY_HAS_SBT[0m: u64 = 1;
   [0m[34m│[0m           [0m[33m^^^^^^^^^^^^^^^^[0m [0m[33mThe constant 'EALREADY_HAS_SBT' is never used. Consider removing it.[0m
   [0m[34m│[0m
   [0m[34m=[0m This warning can be suppressed with '#[allow(unused_const)]' applied to the 'module' or module member ('const', 'fun', or 'struct')

Please report feedback on the linter warnings at https://forums.sui.io

Skipping dependency verification
{
  "digest": "9kMUAC93vbxWcziuvA758GjWFNtYm86Jy1XBobXjAwzz",
  "transaction": {
    "data": {
      "messageVersion": "v1",
      "transaction": {
        "kind": "ProgrammableTransaction",
        "inputs": [
          {
            "type": "pure",
            "valueType": "address",
            "value": "0xa4598968402983bbe55efbb73cc62d83f7bac353f9b145d10e1edf79d318e15a"
          }
        ],
        "transactions": [
          {
            "Publish": [
              "0x0000000000000000000000000000000000000000000000000000000000000001",
              "0x0000000000000000000000000000000000000000000000000000000000000002"
            ]
          },
          {
            "TransferObjects": [
              [
                {
                  "Result": 0
                }
              ],
              {
                "Input": 0
              }
            ]
          }
        ]
      },
      "sender": "0xa4598968402983bbe55efbb73cc62d83f7bac353f9b145d10e1edf79d318e15a",
      "gasData": {
        "payment": [
          {
            "objectId": "0x1266d112d92b23ed744f8c81b5c990b2e9eae67694193bd88854757f43cab6c4",
            "version": 16,
            "digest": "CTtQWeBQDJSxmpSCkFumQGdbajf1DuBqwRBgK4JmhU35"
          }
        ],
        "owner": "0xa4598968402983bbe55efbb73cc62d83f7bac353f9b145d10e1edf79d318e15a",
        "price": "1000",
        "budget": "100000000"
      }
    },
    "txSignatures": [
      "AF0uRF2ZykZ/0KAwpT0m91QXrzVMb963C5sHPxKtzsB9BTpNt64okRo1NTfHc1Q2bsyrGKQk8WT4BnwJ7GS4MAw7WhpBhg60EikGIxMFm5KXLzv//tQ+7vDnimuEDhuClQ=="
    ]
  },
  "effects": {
    "messageVersion": "v1",
    "status": {
      "status": "success"
    },
    "executedEpoch": "81",
    "gasUsed": {
      "computationCost": "1000000",
      "storageCost": "66804000",
      "storageRebate": "978120",
      "nonRefundableStorageFee": "9880"
    },
    "modifiedAtVersions": [
      {
        "objectId": "0x1266d112d92b23ed744f8c81b5c990b2e9eae67694193bd88854757f43cab6c4",
        "sequenceNumber": "16"
      }
    ],
    "transactionDigest": "9kMUAC93vbxWcziuvA758GjWFNtYm86Jy1XBobXjAwzz",
    "created": [
      {
        "owner": {
          "AddressOwner": "0xa4598968402983bbe55efbb73cc62d83f7bac353f9b145d10e1edf79d318e15a"
        },
        "reference": {
          "objectId": "0x22fb923451d754a29005ad1fe410cfb4efc46549c15d300b9bbdf17f0ddd83dc",
          "version": 17,
          "digest": "DJoGSGW3NawjrbYYUbGQ3dA3b823PMD1KZikMhs2nrnB"
        }
      },
      {
        "owner": "Immutable",
        "reference": {
          "objectId": "0x26d5cc3f1e0662c438f2d6c878a3c86edb3d9e5306ec681bf838f81747fa642f",
          "version": 17,
          "digest": "CYKt1SxnLJZr1u55aDFd9w1ujQi8YsNjeNdtFreFZeWL"
        }
      },
      {
        "owner": "Immutable",
        "reference": {
          "objectId": "0x297298fce6f86aec17b027e6162698aae41b6e495139440c4a243171f405f34a",
          "version": 1,
          "digest": "Bts15MG4pWf4XqbgyLXXDbcjCTtE6SdKZBtEFagzowqa"
        }
      },
      {
        "owner": {
          "AddressOwner": "0xa4598968402983bbe55efbb73cc62d83f7bac353f9b145d10e1edf79d318e15a"
        },
        "reference": {
          "objectId": "0x3707d9bfbbfbe40dc9bc1203b1a90b749e88e2266938f3bf22be18a99f0697e3",
          "version": 17,
          "digest": "FNoqqWyWXxsD5svhkPJ7AwAvAnpXVKFqWsxWEXM3YVz2"
        }
      },
      {
        "owner": {
          "AddressOwner": "0xa4598968402983bbe55efbb73cc62d83f7bac353f9b145d10e1edf79d318e15a"
        },
        "reference": {
          "objectId": "0x4b4ed8bdef10b8c95974b0b65b2809e303df64fc4d5519ea94cb390320f96f71",
          "version": 17,
          "digest": "8h5xC6gmJwiY7UQifTgnH9yFjMvJHbPcxc5a1UmR7mqt"
        }
      },
      {
        "owner": {
          "AddressOwner": "0xa4598968402983bbe55efbb73cc62d83f7bac353f9b145d10e1edf79d318e15a"
        },
        "reference": {
          "objectId": "0x6b0087036f6031397f547316792bee7006dbfe705a121aa5a68ec2f6ff1f97e7",
          "version": 17,
          "digest": "5rghRzJCASSzsnUW1eYsCwcFKTRgdrm23xS1jd1LM3yr"
        }
      },
      {
        "owner": {
          "AddressOwner": "0xa4598968402983bbe55efbb73cc62d83f7bac353f9b145d10e1edf79d318e15a"
        },
        "reference": {
          "objectId": "0x8be3827357be849668ddbce2cddfdd83f250bcb484e11fc7c1f207448138fcfd",
          "version": 17,
          "digest": "7LT41orP2RRUpReujihQWi1DtdFtaL7HJM3zQQJosYce"
        }
      },
      {
        "owner": {
          "AddressOwner": "0xa4598968402983bbe55efbb73cc62d83f7bac353f9b145d10e1edf79d318e15a"
        },
        "reference": {
          "objectId": "0xbf83eb28daa69c9080b1a740035b1e4ab3eb4283a742614d8a8a87652122f848",
          "version": 17,
          "digest": "5PseqFDP4fp7F4DdCnaa7C4mUaywqK7PAU1gEmdhw54i"
        }
      },
      {
        "owner": {
          "AddressOwner": "0xa4598968402983bbe55efbb73cc62d83f7bac353f9b145d10e1edf79d318e15a"
        },
        "reference": {
          "objectId": "0xc2fff379af5af6120e2702a70f996f823afffe7a718de76becf9781ce084c77a",
          "version": 17,
          "digest": "nL3cUwKiMZVteXXLU7GcpijRdpv7mFfKCct7bTRGVrW"
        }
      },
      {
        "owner": {
          "AddressOwner": "0xa4598968402983bbe55efbb73cc62d83f7bac353f9b145d10e1edf79d318e15a"
        },
        "reference": {
          "objectId": "0xc40264bf77a065fa5b0ec80ec0c7f3d562b3ac4d26594ed512e0009c23014c3c",
          "version": 17,
          "digest": "4aa9UWp3B6Ufxmn81hjTM3dDQh5UboxfwnLJp5bckkMv"
        }
      },
      {
        "owner": {
          "Shared": {
            "initial_shared_version": 17
          }
        },
        "reference": {
          "objectId": "0xdd8060e874b5ef06bcc35f321a097a2549aff382e475f5bb9d888509a9673e83",
          "version": 17,
          "digest": "3kVhZFPtAfvxZVbW4ZEah1oFJv7fiPC9ZYjnk2QwDaKY"
        }
      }
    ],
    "mutated": [
      {
        "owner": {
          "AddressOwner": "0xa4598968402983bbe55efbb73cc62d83f7bac353f9b145d10e1edf79d318e15a"
        },
        "reference": {
          "objectId": "0x1266d112d92b23ed744f8c81b5c990b2e9eae67694193bd88854757f43cab6c4",
          "version": 17,
          "digest": "J1kjEcyTAMCtUsvCV3W4JSSS9TpRZdoxUAFiMHYMX55C"
        }
      }
    ],
    "gasObject": {
      "owner": {
        "AddressOwner": "0xa4598968402983bbe55efbb73cc62d83f7bac353f9b145d10e1edf79d318e15a"
      },
      "reference": {
        "objectId": "0x1266d112d92b23ed744f8c81b5c990b2e9eae67694193bd88854757f43cab6c4",
        "version": 17,
        "digest": "J1kjEcyTAMCtUsvCV3W4JSSS9TpRZdoxUAFiMHYMX55C"
      }
    },
    "eventsDigest": "6wqFafYF1rjeeDFnZSc6NPVuTRq9vxBkSRwUCsCPbG5T",
    "dependencies": [
      "3DsVXfWazrrKB8s6YR1NGmfZTM8AUcSricUNfSPiwMRT",
      "GmeBp3BhNd33XhAoR21CMC8xW5BPqH5EQTrcdZqWsfzS"
    ]
  },
  "events": [
    {
      "id": {
        "txDigest": "9kMUAC93vbxWcziuvA758GjWFNtYm86Jy1XBobXjAwzz",
        "eventSeq": "0"
      },
      "packageId": "0x297298fce6f86aec17b027e6162698aae41b6e495139440c4a243171f405f34a",
      "transactionModule": "game_core",
      "sender": "0xa4598968402983bbe55efbb73cc62d83f7bac353f9b145d10e1edf79d318e15a",
      "type": "0x2::display::DisplayCreated<0x297298fce6f86aec17b027e6162698aae41b6e495139440c4a243171f405f34a::game_core::Macrophage>",
      "parsedJson": {
        "id": "0xc40264bf77a065fa5b0ec80ec0c7f3d562b3ac4d26594ed512e0009c23014c3c"
      },
      "bcsEncoding": "base64",
      "bcs": "xAJkv3egZfpbDsgOwMfz1WKzrE0mWU7VEuAAnCMBTDw="
    },
    {
      "id": {
        "txDigest": "9kMUAC93vbxWcziuvA758GjWFNtYm86Jy1XBobXjAwzz",
        "eventSeq": "1"
      },
      "packageId": "0x297298fce6f86aec17b027e6162698aae41b6e495139440c4a243171f405f34a",
      "transactionModule": "game_core",
      "sender": "0xa4598968402983bbe55efbb73cc62d83f7bac353f9b145d10e1edf79d318e15a",
      "type": "0x2::display::VersionUpdated<0x297298fce6f86aec17b027e6162698aae41b6e495139440c4a243171f405f34a::game_core::Macrophage>",
      "parsedJson": {
        "fields": {
          "contents": [
            {
              "key": "name",
              "value": "Macrophage"
            },
            {
              "key": "description",
              "value": "A powerful defense unit unlocked at Wave 2."
            },
            {
              "key": "image_url",
              "value": "https://raw.githubusercontent.com/TanBoonXuan2005/my_first_dapp/main/frontend-react/public/assets/animation_frames/Macrophage/Macrophage_Idle(Excited).png"
            }
          ]
        },
        "id": "0xc40264bf77a065fa5b0ec80ec0c7f3d562b3ac4d26594ed512e0009c23014c3c",
        "version": 1
      },
      "bcsEncoding": "base64",
      "bcs": "xAJkv3egZfpbDsgOwMfz1WKzrE0mWU7VEuAAnCMBTDwBAAMEbmFtZQpNYWNyb3BoYWdlC2Rlc2NyaXB0aW9uK0EgcG93ZXJmdWwgZGVmZW5zZSB1bml0IHVubG9ja2VkIGF0IFdhdmUgMi4JaW1hZ2VfdXJsmgFodHRwczovL3Jhdy5naXRodWJ1c2VyY29udGVudC5jb20vVGFuQm9vblh1YW4yMDA1L215X2ZpcnN0X2RhcHAvbWFpbi9mcm9udGVuZC1yZWFjdC9wdWJsaWMvYXNzZXRzL2FuaW1hdGlvbl9mcmFtZXMvTWFjcm9waGFnZS9NYWNyb3BoYWdlX0lkbGUoRXhjaXRlZCkucG5n"
    },
    {
      "id": {
        "txDigest": "9kMUAC93vbxWcziuvA758GjWFNtYm86Jy1XBobXjAwzz",
        "eventSeq": "2"
      },
      "packageId": "0x297298fce6f86aec17b027e6162698aae41b6e495139440c4a243171f405f34a",
      "transactionModule": "game_core",
      "sender": "0xa4598968402983bbe55efbb73cc62d83f7bac353f9b145d10e1edf79d318e15a",
      "type": "0x2::display::DisplayCreated<0x297298fce6f86aec17b027e6162698aae41b6e495139440c4a243171f405f34a::game_core::Platelet>",
      "parsedJson": {
        "id": "0xc2fff379af5af6120e2702a70f996f823afffe7a718de76becf9781ce084c77a"
      },
      "bcsEncoding": "base64",
      "bcs": "wv/zea9a9hIOJwKnD5lvgjr//npxjedr7Pl4HOCEx3o="
    },
    {
      "id": {
        "txDigest": "9kMUAC93vbxWcziuvA758GjWFNtYm86Jy1XBobXjAwzz",
        "eventSeq": "3"
      },
      "packageId": "0x297298fce6f86aec17b027e6162698aae41b6e495139440c4a243171f405f34a",
      "transactionModule": "game_core",
      "sender": "0xa4598968402983bbe55efbb73cc62d83f7bac353f9b145d10e1edf79d318e15a",
      "type": "0x2::display::VersionUpdated<0x297298fce6f86aec17b027e6162698aae41b6e495139440c4a243171f405f34a::game_core::Platelet>",
      "parsedJson": {
        "fields": {
          "contents": [
            {
              "key": "name",
              "value": "Platelet"
            },
            {
              "key": "description",
              "value": "A healing unit unlocked at Wave 4."
            },
            {
              "key": "image_url",
              "value": "https://raw.githubusercontent.com/TanBoonXuan2005/my_first_dapp/main/frontend-react/public/assets/animation_frames/Platelet/Platelet_Idle.png"
            }
          ]
        },
        "id": "0xc2fff379af5af6120e2702a70f996f823afffe7a718de76becf9781ce084c77a",
        "version": 1
      },
      "bcsEncoding": "base64",
      "bcs": "wv/zea9a9hIOJwKnD5lvgjr//npxjedr7Pl4HOCEx3oBAAMEbmFtZQhQbGF0ZWxldAtkZXNjcmlwdGlvbiJBIGhlYWxpbmcgdW5pdCB1bmxvY2tlZCBhdCBXYXZlIDQuCWltYWdlX3VybI0BaHR0cHM6Ly9yYXcuZ2l0aHVidXNlcmNvbnRlbnQuY29tL1RhbkJvb25YdWFuMjAwNS9teV9maXJzdF9kYXBwL21haW4vZnJvbnRlbmQtcmVhY3QvcHVibGljL2Fzc2V0cy9hbmltYXRpb25fZnJhbWVzL1BsYXRlbGV0L1BsYXRlbGV0X0lkbGUucG5n"
    },
    {
      "id": {
        "txDigest": "9kMUAC93vbxWcziuvA758GjWFNtYm86Jy1XBobXjAwzz",
        "eventSeq": "4"
      },
      "packageId": "0x297298fce6f86aec17b027e6162698aae41b6e495139440c4a243171f405f34a",
      "transactionModule": "game_core",
      "sender": "0xa4598968402983bbe55efbb73cc62d83f7bac353f9b145d10e1edf79d318e15a",
      "type": "0x2::display::VersionUpdated<0x297298fce6f86aec17b027e6162698aae41b6e495139440c4a243171f405f34a::game_core::Platelet>",
      "parsedJson": {
        "fields": {
          "contents": [
            {
              "key": "name",
              "value": "Platelet"
            },
            {
              "key": "description",
              "value": "A healing unit unlocked at Wave 4."
            },
            {
              "key": "image_url",
              "value": "https://raw.githubusercontent.com/TanBoonXuan2005/my_first_dapp/main/frontend-react/public/assets/animation_frames/Platelet/Platelet_Idle.png"
            }
          ]
        },
        "id": "0xc2fff379af5af6120e2702a70f996f823afffe7a718de76becf9781ce084c77a",
        "version": 2
      },
      "bcsEncoding": "base64",
      "bcs": "wv/zea9a9hIOJwKnD5lvgjr//npxjedr7Pl4HOCEx3oCAAMEbmFtZQhQbGF0ZWxldAtkZXNjcmlwdGlvbiJBIGhlYWxpbmcgdW5pdCB1bmxvY2tlZCBhdCBXYXZlIDQuCWltYWdlX3VybI0BaHR0cHM6Ly9yYXcuZ2l0aHVidXNlcmNvbnRlbnQuY29tL1RhbkJvb25YdWFuMjAwNS9teV9maXJzdF9kYXBwL21haW4vZnJvbnRlbmQtcmVhY3QvcHVibGljL2Fzc2V0cy9hbmltYXRpb25fZnJhbWVzL1BsYXRlbGV0L1BsYXRlbGV0X0lkbGUucG5n"
    },
    {
      "id": {
        "txDigest": "9kMUAC93vbxWcziuvA758GjWFNtYm86Jy1XBobXjAwzz",
        "eventSeq": "5"
      },
      "packageId": "0x297298fce6f86aec17b027e6162698aae41b6e495139440c4a243171f405f34a",
      "transactionModule": "game_core",
      "sender": "0xa4598968402983bbe55efbb73cc62d83f7bac353f9b145d10e1edf79d318e15a",
      "type": "0x2::display::DisplayCreated<0x297298fce6f86aec17b027e6162698aae41b6e495139440c4a243171f405f34a::game_core::Basophil>",
      "parsedJson": {
        "id": "0x4b4ed8bdef10b8c95974b0b65b2809e303df64fc4d5519ea94cb390320f96f71"
      },
      "bcsEncoding": "base64",
      "bcs": "S07Yve8QuMlZdLC2WygJ4wPfZPxNVRnqlMs5AyD5b3E="
    },
    {
      "id": {
        "txDigest": "9kMUAC93vbxWcziuvA758GjWFNtYm86Jy1XBobXjAwzz",
        "eventSeq": "6"
      },
      "packageId": "0x297298fce6f86aec17b027e6162698aae41b6e495139440c4a243171f405f34a",
      "transactionModule": "game_core",
      "sender": "0xa4598968402983bbe55efbb73cc62d83f7bac353f9b145d10e1edf79d318e15a",
      "type": "0x2::display::VersionUpdated<0x297298fce6f86aec17b027e6162698aae41b6e495139440c4a243171f405f34a::game_core::Basophil>",
      "parsedJson": {
        "fields": {
          "contents": [
            {
              "key": "name",
              "value": "Basophil"
            },
            {
              "key": "description",
              "value": "A heavy bomber unit unlocked at Wave 3."
            },
            {
              "key": "image_url",
              "value": "https://raw.githubusercontent.com/TanBoonXuan2005/my_first_dapp/main/frontend-react/public/assets/animation_frames/Basophil/Basophil_Idle.png"
            }
          ]
        },
        "id": "0x4b4ed8bdef10b8c95974b0b65b2809e303df64fc4d5519ea94cb390320f96f71",
        "version": 1
      },
      "bcsEncoding": "base64",
      "bcs": "S07Yve8QuMlZdLC2WygJ4wPfZPxNVRnqlMs5AyD5b3EBAAMEbmFtZQhCYXNvcGhpbAtkZXNjcmlwdGlvbidBIGhlYXZ5IGJvbWJlciB1bml0IHVubG9ja2VkIGF0IFdhdmUgMy4JaW1hZ2VfdXJsjQFodHRwczovL3Jhdy5naXRodWJ1c2VyY29udGVudC5jb20vVGFuQm9vblh1YW4yMDA1L215X2ZpcnN0X2RhcHAvbWFpbi9mcm9udGVuZC1yZWFjdC9wdWJsaWMvYXNzZXRzL2FuaW1hdGlvbl9mcmFtZXMvQmFzb3BoaWwvQmFzb3BoaWxfSWRsZS5wbmc="
    },
    {
      "id": {
        "txDigest": "9kMUAC93vbxWcziuvA758GjWFNtYm86Jy1XBobXjAwzz",
        "eventSeq": "7"
      },
      "packageId": "0x297298fce6f86aec17b027e6162698aae41b6e495139440c4a243171f405f34a",
      "transactionModule": "game_core",
      "sender": "0xa4598968402983bbe55efbb73cc62d83f7bac353f9b145d10e1edf79d318e15a",
      "type": "0x2::display::DisplayCreated<0x297298fce6f86aec17b027e6162698aae41b6e495139440c4a243171f405f34a::game_core::DefenderLicense>",
      "parsedJson": {
        "id": "0x8be3827357be849668ddbce2cddfdd83f250bcb484e11fc7c1f207448138fcfd"
      },
      "bcsEncoding": "base64",
      "bcs": "i+OCc1e+hJZo3bzizd/dg/JQvLSE4R/HwfIHRIE4/P0="
    },
    {
      "id": {
        "txDigest": "9kMUAC93vbxWcziuvA758GjWFNtYm86Jy1XBobXjAwzz",
        "eventSeq": "8"
      },
      "packageId": "0x297298fce6f86aec17b027e6162698aae41b6e495139440c4a243171f405f34a",
      "transactionModule": "game_core",
      "sender": "0xa4598968402983bbe55efbb73cc62d83f7bac353f9b145d10e1edf79d318e15a",
      "type": "0x2::display::VersionUpdated<0x297298fce6f86aec17b027e6162698aae41b6e495139440c4a243171f405f34a::game_core::DefenderLicense>",
      "parsedJson": {
        "fields": {
          "contents": [
            {
              "key": "name",
              "value": "Defender License"
            },
            {
              "key": "description",
              "value": "Official license to defend the host against viral invasions."
            },
            {
              "key": "image_url",
              "value": "https://raw.githubusercontent.com/TanBoonXuan2005/my_first_dapp/main/frontend-react/public/assets/ui/DefenderLicense.png"
            }
          ]
        },
        "id": "0x8be3827357be849668ddbce2cddfdd83f250bcb484e11fc7c1f207448138fcfd",
        "version": 1
      },
      "bcsEncoding": "base64",
      "bcs": "i+OCc1e+hJZo3bzizd/dg/JQvLSE4R/HwfIHRIE4/P0BAAMEbmFtZRBEZWZlbmRlciBMaWNlbnNlC2Rlc2NyaXB0aW9uPE9mZmljaWFsIGxpY2Vuc2UgdG8gZGVmZW5kIHRoZSBob3N0IGFnYWluc3QgdmlyYWwgaW52YXNpb25zLglpbWFnZV91cmx4aHR0cHM6Ly9yYXcuZ2l0aHVidXNlcmNvbnRlbnQuY29tL1RhbkJvb25YdWFuMjAwNS9teV9maXJzdF9kYXBwL21haW4vZnJvbnRlbmQtcmVhY3QvcHVibGljL2Fzc2V0cy91aS9EZWZlbmRlckxpY2Vuc2UucG5n"
    },
    {
      "id": {
        "txDigest": "9kMUAC93vbxWcziuvA758GjWFNtYm86Jy1XBobXjAwzz",
        "eventSeq": "9"
      },
      "packageId": "0x297298fce6f86aec17b027e6162698aae41b6e495139440c4a243171f405f34a",
      "transactionModule": "game_core",
      "sender": "0xa4598968402983bbe55efbb73cc62d83f7bac353f9b145d10e1edf79d318e15a",
      "type": "0x2::display::DisplayCreated<0x297298fce6f86aec17b027e6162698aae41b6e495139440c4a243171f405f34a::game_core::NKCell>",
      "parsedJson": {
        "id": "0x6b0087036f6031397f547316792bee7006dbfe705a121aa5a68ec2f6ff1f97e7"
      },
      "bcsEncoding": "base64",
      "bcs": "awCHA29gMTl/VHMWeSvucAbb/nBaEhqlpo7C9v8fl+c="
    },
    {
      "id": {
        "txDigest": "9kMUAC93vbxWcziuvA758GjWFNtYm86Jy1XBobXjAwzz",
        "eventSeq": "10"
      },
      "packageId": "0x297298fce6f86aec17b027e6162698aae41b6e495139440c4a243171f405f34a",
      "transactionModule": "game_core",
      "sender": "0xa4598968402983bbe55efbb73cc62d83f7bac353f9b145d10e1edf79d318e15a",
      "type": "0x2::display::VersionUpdated<0x297298fce6f86aec17b027e6162698aae41b6e495139440c4a243171f405f34a::game_core::NKCell>",
      "parsedJson": {
        "fields": {
          "contents": [
            {
              "key": "name",
              "value": "NK Cell"
            },
            {
              "key": "description",
              "value": "A high-damage single-target unit unlocked at Wave 5."
            },
            {
              "key": "image_url",
              "value": "https://raw.githubusercontent.com/TanBoonXuan2005/my_first_dapp/main/frontend-react/public/assets/animation_frames/NK_Cell/NK_Cell_Idle.png"
            }
          ]
        },
        "id": "0x6b0087036f6031397f547316792bee7006dbfe705a121aa5a68ec2f6ff1f97e7",
        "version": 1
      },
      "bcsEncoding": "base64",
      "bcs": "awCHA29gMTl/VHMWeSvucAbb/nBaEhqlpo7C9v8fl+cBAAMEbmFtZQdOSyBDZWxsC2Rlc2NyaXB0aW9uNEEgaGlnaC1kYW1hZ2Ugc2luZ2xlLXRhcmdldCB1bml0IHVubG9ja2VkIGF0IFdhdmUgNS4JaW1hZ2VfdXJsiwFodHRwczovL3Jhdy5naXRodWJ1c2VyY29udGVudC5jb20vVGFuQm9vblh1YW4yMDA1L215X2ZpcnN0X2RhcHAvbWFpbi9mcm9udGVuZC1yZWFjdC9wdWJsaWMvYXNzZXRzL2FuaW1hdGlvbl9mcmFtZXMvTktfQ2VsbC9OS19DZWxsX0lkbGUucG5n"
    }
  ],
  "objectChanges": [
    {
      "type": "mutated",
      "sender": "0xa4598968402983bbe55efbb73cc62d83f7bac353f9b145d10e1edf79d318e15a",
      "owner": {
        "AddressOwner": "0xa4598968402983bbe55efbb73cc62d83f7bac353f9b145d10e1edf79d318e15a"
      },
      "objectType": "0x2::coin::Coin<0x2::sui::SUI>",
      "objectId": "0x1266d112d92b23ed744f8c81b5c990b2e9eae67694193bd88854757f43cab6c4",
      "version": "17",
      "previousVersion": "16",
      "digest": "J1kjEcyTAMCtUsvCV3W4JSSS9TpRZdoxUAFiMHYMX55C"
    },
    {
      "type": "created",
      "sender": "0xa4598968402983bbe55efbb73cc62d83f7bac353f9b145d10e1edf79d318e15a",
      "owner": {
        "AddressOwner": "0xa4598968402983bbe55efbb73cc62d83f7bac353f9b145d10e1edf79d318e15a"
      },
      "objectType": "0x2::package::UpgradeCap",
      "objectId": "0x22fb923451d754a29005ad1fe410cfb4efc46549c15d300b9bbdf17f0ddd83dc",
      "version": "17",
      "digest": "DJoGSGW3NawjrbYYUbGQ3dA3b823PMD1KZikMhs2nrnB"
    },
    {
      "type": "created",
      "sender": "0xa4598968402983bbe55efbb73cc62d83f7bac353f9b145d10e1edf79d318e15a",
      "owner": "Immutable",
      "objectType": "0x2::coin::CoinMetadata<0x297298fce6f86aec17b027e6162698aae41b6e495139440c4a243171f405f34a::usdt::USDT>",
      "objectId": "0x26d5cc3f1e0662c438f2d6c878a3c86edb3d9e5306ec681bf838f81747fa642f",
      "version": "17",
      "digest": "CYKt1SxnLJZr1u55aDFd9w1ujQi8YsNjeNdtFreFZeWL"
    },
    {
      "type": "published",
      "packageId": "0x297298fce6f86aec17b027e6162698aae41b6e495139440c4a243171f405f34a",
      "version": "1",
      "digest": "Bts15MG4pWf4XqbgyLXXDbcjCTtE6SdKZBtEFagzowqa",
      "modules": [
        "example",
        "game_core",
        "usdt"
      ]
    },
    {
      "type": "created",
      "sender": "0xa4598968402983bbe55efbb73cc62d83f7bac353f9b145d10e1edf79d318e15a",
      "owner": {
        "AddressOwner": "0xa4598968402983bbe55efbb73cc62d83f7bac353f9b145d10e1edf79d318e15a"
      },
      "objectType": "0x297298fce6f86aec17b027e6162698aae41b6e495139440c4a243171f405f34a::example::Forge",
      "objectId": "0x3707d9bfbbfbe40dc9bc1203b1a90b749e88e2266938f3bf22be18a99f0697e3",
      "version": "17",
      "digest": "FNoqqWyWXxsD5svhkPJ7AwAvAnpXVKFqWsxWEXM3YVz2"
    },
    {
      "type": "created",
      "sender": "0xa4598968402983bbe55efbb73cc62d83f7bac353f9b145d10e1edf79d318e15a",
      "owner": {
        "AddressOwner": "0xa4598968402983bbe55efbb73cc62d83f7bac353f9b145d10e1edf79d318e15a"
      },
      "objectType": "0x2::display::Display<0x297298fce6f86aec17b027e6162698aae41b6e495139440c4a243171f405f34a::game_core::Basophil>",
      "objectId": "0x4b4ed8bdef10b8c95974b0b65b2809e303df64fc4d5519ea94cb390320f96f71",
      "version": "17",
      "digest": "8h5xC6gmJwiY7UQifTgnH9yFjMvJHbPcxc5a1UmR7mqt"
    },
    {
      "type": "created",
      "sender": "0xa4598968402983bbe55efbb73cc62d83f7bac353f9b145d10e1edf79d318e15a",
      "owner": {
        "AddressOwner": "0xa4598968402983bbe55efbb73cc62d83f7bac353f9b145d10e1edf79d318e15a"
      },
      "objectType": "0x2::display::Display<0x297298fce6f86aec17b027e6162698aae41b6e495139440c4a243171f405f34a::game_core::NKCell>",
      "objectId": "0x6b0087036f6031397f547316792bee7006dbfe705a121aa5a68ec2f6ff1f97e7",
      "version": "17",
      "digest": "5rghRzJCASSzsnUW1eYsCwcFKTRgdrm23xS1jd1LM3yr"
    },
    {
      "type": "created",
      "sender": "0xa4598968402983bbe55efbb73cc62d83f7bac353f9b145d10e1edf79d318e15a",
      "owner": {
        "AddressOwner": "0xa4598968402983bbe55efbb73cc62d83f7bac353f9b145d10e1edf79d318e15a"
      },
      "objectType": "0x2::display::Display<0x297298fce6f86aec17b027e6162698aae41b6e495139440c4a243171f405f34a::game_core::DefenderLicense>",
      "objectId": "0x8be3827357be849668ddbce2cddfdd83f250bcb484e11fc7c1f207448138fcfd",
      "version": "17",
      "digest": "7LT41orP2RRUpReujihQWi1DtdFtaL7HJM3zQQJosYce"
    },
    {
      "type": "created",
      "sender": "0xa4598968402983bbe55efbb73cc62d83f7bac353f9b145d10e1edf79d318e15a",
      "owner": {
        "AddressOwner": "0xa4598968402983bbe55efbb73cc62d83f7bac353f9b145d10e1edf79d318e15a"
      },
      "objectType": "0x2::package::Publisher",
      "objectId": "0xbf83eb28daa69c9080b1a740035b1e4ab3eb4283a742614d8a8a87652122f848",
      "version": "17",
      "digest": "5PseqFDP4fp7F4DdCnaa7C4mUaywqK7PAU1gEmdhw54i"
    },
    {
      "type": "created",
      "sender": "0xa4598968402983bbe55efbb73cc62d83f7bac353f9b145d10e1edf79d318e15a",
      "owner": {
        "AddressOwner": "0xa4598968402983bbe55efbb73cc62d83f7bac353f9b145d10e1edf79d318e15a"
      },
      "objectType": "0x2::display::Display<0x297298fce6f86aec17b027e6162698aae41b6e495139440c4a243171f405f34a::game_core::Platelet>",
      "objectId": "0xc2fff379af5af6120e2702a70f996f823afffe7a718de76becf9781ce084c77a",
      "version": "17",
      "digest": "nL3cUwKiMZVteXXLU7GcpijRdpv7mFfKCct7bTRGVrW"
    },
    {
      "type": "created",
      "sender": "0xa4598968402983bbe55efbb73cc62d83f7bac353f9b145d10e1edf79d318e15a",
      "owner": {
        "AddressOwner": "0xa4598968402983bbe55efbb73cc62d83f7bac353f9b145d10e1edf79d318e15a"
      },
      "objectType": "0x2::display::Display<0x297298fce6f86aec17b027e6162698aae41b6e495139440c4a243171f405f34a::game_core::Macrophage>",
      "objectId": "0xc40264bf77a065fa5b0ec80ec0c7f3d562b3ac4d26594ed512e0009c23014c3c",
      "version": "17",
      "digest": "4aa9UWp3B6Ufxmn81hjTM3dDQh5UboxfwnLJp5bckkMv"
    },
    {
      "type": "created",
      "sender": "0xa4598968402983bbe55efbb73cc62d83f7bac353f9b145d10e1edf79d318e15a",
      "owner": {
        "Shared": {
          "initial_shared_version": 17
        }
      },
      "objectType": "0x2::coin::TreasuryCap<0x297298fce6f86aec17b027e6162698aae41b6e495139440c4a243171f405f34a::usdt::USDT>",
      "objectId": "0xdd8060e874b5ef06bcc35f321a097a2549aff382e475f5bb9d888509a9673e83",
      "version": "17",
      "digest": "3kVhZFPtAfvxZVbW4ZEah1oFJv7fiPC9ZYjnk2QwDaKY"
    }
  ],
  "balanceChanges": [
    {
      "owner": {
        "AddressOwner": "0xa4598968402983bbe55efbb73cc62d83f7bac353f9b145d10e1edf79d318e15a"
      },
      "coinType": "0x2::sui::SUI",
      "amount": "-66825880"
    }
  ],
  "timestampMs": "1764307426301",
  "confirmedLocalExecution": true,
  "checkpoint": "1389098"
}
